// Jest Snapshot v1, https://goo.gl/fbAQLP

exports[`Test in <JournalEntry /> should show correctly 1`] = `
<div
  className="journal__entry pointer animate__animated animate__fadeIn animate_faster"
  onClick={[Function]}
>
  <div
    className="journal__entry-picture"
    style={
      Object {
        "backgroundImage": "url(https://localhost/cualquier/cosa.jpg)",
        "backgroundSize": "cover",
      }
    }
  />
  <div
    className="journal__entry-body"
  >
    <p
      className="journal__entry-title"
    >
      Hello
    </p>
    <p
      className="journal__entry-content"
    >
      World
    </p>
  </div>
  <div
    className="journal__entry-date-box"
  >
    <span>
       
      Thursday
       
    </span>
    <h4>
       
      1st
       
    </h4>
  </div>
</div>
`;
