// Jest Snapshot v1, https://goo.gl/fbAQLP

exports[`Test in <DeleteEventFab /> should shows correctly 1`] = `
<button
  className="btn btn-danger fab-danger"
  onClick={[Function]}
>
  <i
    className="fas fa-trash"
  />
  <span>
     Delete Event 
  </span>
</button>
`;
